
Allocating common symbols
Common symbol       size              file

BuffLength          0x4               build/./usbd_cdc_interface.o
UartHandle          0x44              build/./usbd_cdc_interface.o
hpcd                0x224             build/cube_usb/core/usbd_conf.o
pFlash              0x18              build/cube_hal/Src/stm32l1xx_hal_flash.o
USBD_Device         0x224             build/./main.o
UserTxBuffer        0x800             build/./usbd_cdc_interface.o
UserRxBuffer        0x800             build/./usbd_cdc_interface.o
USBD_StrDesc        0x100             build/./usbd_desc.o
TimHandle           0x3c              build/./usbd_cdc_interface.o

Discarded input sections

 .text          0x0000000000000000        0x0 build/cmsis/startup_stm32l1xx_hd.o
 .data          0x0000000000000000        0x0 build/cmsis/startup_stm32l1xx_hd.o
 .bss           0x0000000000000000        0x0 build/cmsis/startup_stm32l1xx_hd.o
 .text.Default_Handler
                0x0000000000000000        0x8 build/cmsis/startup_stm32l1xx_hd.o
 .text          0x0000000000000000        0x0 build/cube_hal/Src/stm32l1xx_hal.o
 .data          0x0000000000000000        0x0 build/cube_hal/Src/stm32l1xx_hal.o
 .bss           0x0000000000000000        0x0 build/cube_hal/Src/stm32l1xx_hal.o
 .text.HAL_DeInit
                0x0000000000000000       0x3c build/cube_hal/Src/stm32l1xx_hal.o
 .text.HAL_MspInit
                0x0000000000000000        0xc build/cube_hal/Src/stm32l1xx_hal.o
 .text.HAL_MspDeInit
                0x0000000000000000        0xc build/cube_hal/Src/stm32l1xx_hal.o
 .text.HAL_Delay
                0x0000000000000000       0x2c build/cube_hal/Src/stm32l1xx_hal.o
 .text.HAL_SuspendTick
                0x0000000000000000       0x1c build/cube_hal/Src/stm32l1xx_hal.o
 .text.HAL_ResumeTick
                0x0000000000000000       0x1c build/cube_hal/Src/stm32l1xx_hal.o
 .text.HAL_GetHalVersion
                0x0000000000000000       0x14 build/cube_hal/Src/stm32l1xx_hal.o
 .text.HAL_GetREVID
                0x0000000000000000       0x18 build/cube_hal/Src/stm32l1xx_hal.o
 .text.HAL_GetDEVID
                0x0000000000000000       0x1c build/cube_hal/Src/stm32l1xx_hal.o
 .text.HAL_DBGMCU_EnableDBGSleepMode
                0x0000000000000000       0x1c build/cube_hal/Src/stm32l1xx_hal.o
 .text.HAL_DBGMCU_DisableDBGSleepMode
                0x0000000000000000       0x1c build/cube_hal/Src/stm32l1xx_hal.o
 .text.HAL_DBGMCU_EnableDBGStopMode
                0x0000000000000000       0x1c build/cube_hal/Src/stm32l1xx_hal.o
 .text.HAL_DBGMCU_DisableDBGStopMode
                0x0000000000000000       0x1c build/cube_hal/Src/stm32l1xx_hal.o
 .text.HAL_DBGMCU_EnableDBGStandbyMode
                0x0000000000000000       0x1c build/cube_hal/Src/stm32l1xx_hal.o
 .text.HAL_DBGMCU_DisableDBGStandbyMode
                0x0000000000000000       0x1c build/cube_hal/Src/stm32l1xx_hal.o
 .text          0x0000000000000000        0x0 build/cube_hal/Src/stm32l1xx_hal_adc.o
 .data          0x0000000000000000        0x0 build/cube_hal/Src/stm32l1xx_hal_adc.o
 .bss           0x0000000000000000        0x0 build/cube_hal/Src/stm32l1xx_hal_adc.o
 .comment       0x0000000000000000       0x71 build/cube_hal/Src/stm32l1xx_hal_adc.o
 .ARM.attributes
                0x0000000000000000       0x33 build/cube_hal/Src/stm32l1xx_hal_adc.o
 .text          0x0000000000000000        0x0 build/cube_hal/Src/stm32l1xx_hal_adc_ex.o
 .data          0x0000000000000000        0x0 build/cube_hal/Src/stm32l1xx_hal_adc_ex.o
 .bss           0x0000000000000000        0x0 build/cube_hal/Src/stm32l1xx_hal_adc_ex.o
 .comment       0x0000000000000000       0x71 build/cube_hal/Src/stm32l1xx_hal_adc_ex.o
 .ARM.attributes
                0x0000000000000000       0x33 build/cube_hal/Src/stm32l1xx_hal_adc_ex.o
 .text          0x0000000000000000        0x0 build/cube_hal/Src/stm32l1xx_hal_comp.o
 .data          0x0000000000000000        0x0 build/cube_hal/Src/stm32l1xx_hal_comp.o
 .bss           0x0000000000000000        0x0 build/cube_hal/Src/stm32l1xx_hal_comp.o
 .comment       0x0000000000000000       0x71 build/cube_hal/Src/stm32l1xx_hal_comp.o
 .ARM.attributes
                0x0000000000000000       0x33 build/cube_hal/Src/stm32l1xx_hal_comp.o
 .text          0x0000000000000000        0x0 build/cube_hal/Src/stm32l1xx_hal_cortex.o
 .data          0x0000000000000000        0x0 build/cube_hal/Src/stm32l1xx_hal_cortex.o
 .bss           0x0000000000000000        0x0 build/cube_hal/Src/stm32l1xx_hal_cortex.o
 .text.NVIC_GetPendingIRQ
                0x0000000000000000       0x3c build/cube_hal/Src/stm32l1xx_hal_cortex.o
 .text.NVIC_SetPendingIRQ
                0x0000000000000000       0x30 build/cube_hal/Src/stm32l1xx_hal_cortex.o
 .text.NVIC_ClearPendingIRQ
                0x0000000000000000       0x30 build/cube_hal/Src/stm32l1xx_hal_cortex.o
 .text.NVIC_GetActive
                0x0000000000000000       0x3c build/cube_hal/Src/stm32l1xx_hal_cortex.o
 .text.NVIC_GetPriority
[...]
Memory Configuration

Name             Origin             Length             Attributes
FLASH            0x0000000008000000 0x0000000000040000 xr
FLASH_ISR        0x0000000008000000 0x0000000000001000 xr
FLASH_TEXT       0x0000000008001000 0x000000000003f000 xr
DATA_EEPROM      0x0000000008080000 0x0000000000002000 xr
RAM              0x0000000020000000 0x0000000000008000 xrw
*default*        0x0000000000000000 0xffffffffffffffff

Linker script and memory map

LOAD build/cmsis/startup_stm32l1xx_hd.o
LOAD build/cube_hal/Src/stm32l1xx_hal.o
LOAD build/cube_hal/Src/stm32l1xx_hal_adc.o
LOAD build/cube_hal/Src/stm32l1xx_hal_adc_ex.o
LOAD build/cube_hal/Src/stm32l1xx_hal_comp.o
LOAD build/cube_hal/Src/stm32l1xx_hal_cortex.o
LOAD build/cube_hal/Src/stm32l1xx_hal_crc.o
LOAD build/cube_hal/Src/stm32l1xx_hal_cryp.o
LOAD build/cube_hal/Src/stm32l1xx_hal_cryp_ex.o
LOAD build/cube_hal/Src/stm32l1xx_hal_dac.o
LOAD build/cube_hal/Src/stm32l1xx_hal_dac_ex.o
LOAD build/cube_hal/Src/stm32l1xx_hal_dma.o
LOAD build/cube_hal/Src/stm32l1xx_hal_flash.o
LOAD build/cube_hal/Src/stm32l1xx_hal_flash_ex.o
LOAD build/cube_hal/Src/stm32l1xx_hal_flash_ramfunc.o
LOAD build/cube_hal/Src/stm32l1xx_hal_gpio.o
LOAD build/cube_hal/Src/stm32l1xx_hal_i2c.o
LOAD build/cube_hal/Src/stm32l1xx_hal_i2s.o
LOAD build/cube_hal/Src/stm32l1xx_hal_irda.o
LOAD build/cube_hal/Src/stm32l1xx_hal_iwdg.o
LOAD build/cube_hal/Src/stm32l1xx_hal_lcd.o
LOAD build/cube_hal/Src/stm32l1xx_hal_msp_template.o
LOAD build/cube_hal/Src/stm32l1xx_hal_nor.o
LOAD build/cube_hal/Src/stm32l1xx_hal_opamp.o
LOAD build/cube_hal/Src/stm32l1xx_hal_opamp_ex.o
LOAD build/cube_hal/Src/stm32l1xx_hal_pcd.o
LOAD build/cube_hal/Src/stm32l1xx_hal_pcd_ex.o
LOAD build/cube_hal/Src/stm32l1xx_hal_pwr.o
LOAD build/cube_hal/Src/stm32l1xx_hal_pwr_ex.o
LOAD build/cube_hal/Src/stm32l1xx_hal_rcc.o
LOAD build/cube_hal/Src/stm32l1xx_hal_rcc_ex.o
LOAD build/cube_hal/Src/stm32l1xx_hal_rtc.o
LOAD build/cube_hal/Src/stm32l1xx_hal_rtc_ex.o
LOAD build/cube_hal/Src/stm32l1xx_hal_sd.o
LOAD build/cube_hal/Src/stm32l1xx_hal_smartcard.o
LOAD build/cube_hal/Src/stm32l1xx_hal_spi.o
LOAD build/cube_hal/Src/stm32l1xx_hal_spi_ex.o
LOAD build/cube_hal/Src/stm32l1xx_hal_sram.o
LOAD build/cube_hal/Src/stm32l1xx_hal_tim.o
LOAD build/cube_hal/Src/stm32l1xx_hal_tim_ex.o
LOAD build/cube_hal/Src/stm32l1xx_hal_uart.o
LOAD build/cube_hal/Src/stm32l1xx_hal_usart.o
LOAD build/cube_hal/Src/stm32l1xx_hal_wwdg.o
LOAD build/cube_hal/Src/stm32l1xx_ll_fsmc.o
LOAD build/cube_hal/Src/stm32l1xx_ll_sdmmc.o
LOAD build/cube_usb/cdc/usbd_cdc.o
LOAD build/cube_usb/core/usbd_conf.o
LOAD build/cube_usb/core/usbd_core.o
LOAD build/cube_usb/core/usbd_ctlreq.o
LOAD build/cube_usb/core/usbd_ioreq.o
LOAD build/./main.o
LOAD build/./stm32l1xx_hal_msp.o
LOAD build/./stm32l1xx_it.o
LOAD build/./system_stm32l1xx.o
LOAD build/./usbd_cdc_interface.o
LOAD build/./usbd_desc.o
                0x0000000020007fff                _estack = 0x20007fff
                0x0000000000000200                _Min_Heap_Size = 0x200
                0x0000000000000400                _Min_Stack_Size = 0x400
                0x0000000000000800                _minimum_stack_size = 0x800
                0x0000000000004000                _minimum_heap_size = 0x4000
                0x0000000020008000                _estack = (ORIGIN (RAM) + 0x8000)
                0x0000000020008000                _ram_end = (ORIGIN (RAM) + 0x8000)
                0x000000002001c000                _heap_end = 0x2001c000

.isr_vector     0x0000000008000000      0x124
                0x0000000008000000                . = ALIGN (0x4)
 *(.isr_vector)
 .isr_vector    0x0000000008000000      0x124 build/cmsis/startup_stm32l1xx_hd.o
                0x0000000008000000                g_pfnVectors
                0x0000000008000124                . = ALIGN (0x4)
                0x0000000008000124                . = ALIGN (0x4)
 */ff.o(.text*)
 */stm32l1xx_hal_sd.o(.text*)
 */()

.text           0x0000000008001000     0x83c4
                0x0000000008001000                . = ALIGN (0x4)
 *(.text*)
 .text.Default_Reset_Handler
                0x0000000008001000       0x64 build/cmsis/startup_stm32l1xx_hd.o
                0x0000000008001000                DMA2_Channel3_IRQHandler
                0x0000000008001000                EXTI2_IRQHandler
                0x0000000008001000                COMP_ACQ_IRQHandler
                0x0000000008001000                TIM10_IRQHandler
                0x0000000008001000                USB_HP_IRQHandler
                0x0000000008001000                TIM6_IRQHandler
                0x0000000008001000                PVD_IRQHandler
                0x0000000008001000                SDIO_IRQHandler
                0x0000000008001000                EXTI3_IRQHandler
                0x0000000008001000                EXTI0_IRQHandler
                0x0000000008001000                I2C2_EV_IRQHandler
                0x0000000008001000                SPI1_IRQHandler
                0x0000000008001000                USB_FS_WKUP_IRQHandler
                0x0000000008001000                DMA2_Channel2_IRQHandler
                0x0000000008001000                ADC1_IRQHandler
                0x0000000008001000                USART3_IRQHandler
                0x0000000008001000                DMA1_Channel7_IRQHandler
                0x0000000008001000                Reset_Handler
                0x0000000008001000                LCD_IRQHandler
                0x0000000008001000                UART5_IRQHandler
                0x0000000008001000                TIM4_IRQHandler
                0x0000000008001000                DMA2_Channel1_IRQHandler
                0x0000000008001000                I2C1_EV_IRQHandler
                0x0000000008001000                DMA1_Channel6_IRQHandler
                0x0000000008001000                UART4_IRQHandler
                0x0000000008001000                DMA2_Channel4_IRQHandler
                0x0000000008001000                RCC_IRQHandler
                0x0000000008001000                DMA1_Channel1_IRQHandler
                0x0000000008001000                EXTI15_10_IRQHandler
                0x0000000008001000                Default_Reset_Handler
                0x0000000008001000                TIM7_IRQHandler
                0x0000000008001000                TIM5_IRQHandler
                0x0000000008001000                EXTI9_5_IRQHandler
                0x0000000008001000                TIM9_IRQHandler
                0x0000000008001000                TAMPER_STAMP_IRQHandler
                0x0000000008001000                RTC_WKUP_IRQHandler
                0x0000000008001000                SPI2_IRQHandler
                0x0000000008001000                DMA2_Channel5_IRQHandler
                0x0000000008001000                DMA1_Channel5_IRQHandler
                0x0000000008001000                EXTI4_IRQHandler
                0x0000000008001000                DMA1_Channel3_IRQHandler
                0x0000000008001000                COMP_IRQHandler
                0x0000000008001000                WWDG_IRQHandler
                0x0000000008001000                TIM2_IRQHandler
                0x0000000008001000                DAC_IRQHandler
                0x0000000008001000                EXTI1_IRQHandler
                0x0000000008001000                AES_IRQHandler
                0x0000000008001000                TIM11_IRQHandler
                0x0000000008001000                USART2_IRQHandler
                0x0000000008001000                I2C2_ER_IRQHandler
                0x0000000008001000                DMA1_Channel2_IRQHandler
                0x0000000008001000                FLASH_IRQHandler
                0x0000000008001000                SPI3_IRQHandler
                0x0000000008001000                I2C1_ER_IRQHandler
                0x0000000008001000                RTC_Alarm_IRQHandler
 .text.HAL_Init
                0x0000000008001064       0x38 build/cube_hal/Src/stm32l1xx_hal.o
                0x0000000008001064                HAL_Init
 .text.HAL_InitTick
                0x000000000800109c       0x38 build/cube_hal/Src/stm32l1xx_hal.o
                0x000000000800109c                HAL_InitTick
 .text.HAL_IncTick
                0x00000000080010d4       0x1c build/cube_hal/Src/stm32l1xx_hal.o
                0x00000000080010d4                HAL_IncTick
 .text.HAL_GetTick
                0x00000000080010f0       0x18 build/cube_hal/Src/stm32l1xx_hal.o
                0x00000000080010f0                HAL_GetTick
 .text.NVIC_SetPriorityGrouping
                0x0000000008001108       0x48 build/cube_hal/Src/stm32l1xx_hal_cortex.o
 .text.NVIC_GetPriorityGrouping
                0x0000000008001150       0x1c build/cube_hal/Src/stm32l1xx_hal_cortex.o
 .text.NVIC_EnableIRQ
                0x000000000800116c       0x2c build/cube_hal/Src/stm32l1xx_hal_cortex.o
 .text.NVIC_DisableIRQ
                0x0000000008001198       0x30 build/cube_hal/Src/stm32l1xx_hal_cortex.o
 .text.NVIC_SetPriority
                0x00000000080011c8       0x4c build/cube_hal/Src/stm32l1xx_hal_cortex.o
 .text.NVIC_EncodePriority
                0x0000000008001214       0x68 build/cube_hal/Src/stm32l1xx_hal_cortex.o
 .text.SysTick_Config
                0x000000000800127c       0x44 build/cube_hal/Src/stm32l1xx_hal_cortex.o
 .text.HAL_NVIC_SetPriorityGrouping
                0x00000000080012c0       0x14 build/cube_hal/Src/stm32l1xx_hal_cortex.o
                0x00000000080012c0                HAL_NVIC_SetPriorityGrouping
 .text.HAL_NVIC_SetPriority
                0x00000000080012d4       0x30 build/cube_hal/Src/stm32l1xx_hal_cortex.o
                0x00000000080012d4                HAL_NVIC_SetPriority
 .text.HAL_NVIC_EnableIRQ
                0x0000000008001304       0x14 build/cube_hal/Src/stm32l1xx_hal_cortex.o
                0x0000000008001304                HAL_NVIC_EnableIRQ
 .text.HAL_NVIC_DisableIRQ
                0x0000000008001318       0x14 build/cube_hal/Src/stm32l1xx_hal_cortex.o
                0x0000000008001318                HAL_NVIC_DisableIRQ
 .text.HAL_SYSTICK_Config
                0x000000000800132c       0x18 build/cube_hal/Src/stm32l1xx_hal_cortex.o
                0x000000000800132c                HAL_SYSTICK_Config
 .text.HAL_DMA_Init
                0x0000000008001344       0x90 build/cube_hal/Src/stm32l1xx_hal_dma.o
                0x0000000008001344                HAL_DMA_Init
 .text.HAL_DMA_Start_IT
                0x00000000080013d4       0x8c build/cube_hal/Src/stm32l1xx_hal_dma.o
                0x00000000080013d4                HAL_DMA_Start_IT
 .text.HAL_DMA_IRQHandler
                0x0000000008001460      0xc1c build/cube_hal/Src/stm32l1xx_hal_dma.o
                0x0000000008001460                HAL_DMA_IRQHandler
 .text.DMA_SetConfig
                0x000000000800207c       0x4c build/cube_hal/Src/stm32l1xx_hal_dma.o
 .text.HAL_GPIO_Init
                0x00000000080020c8      0x30c build/cube_hal/Src/stm32l1xx_hal_gpio.o
                0x00000000080020c8                HAL_GPIO_Init
 .text.HAL_GPIO_DeInit
                0x00000000080023d4      0x1d0 build/cube_hal/Src/stm32l1xx_hal_gpio.o
                0x00000000080023d4                HAL_GPIO_DeInit
 .text.HAL_MspInit
                0x00000000080025a4        0xc build/cube_hal/Src/stm32l1xx_hal_msp_template.o
                0x00000000080025a4                HAL_MspInit
 .text.HAL_PCD_Init
                0x00000000080025b0      0x1c0 build/cube_hal/Src/stm32l1xx_hal_pcd.o
                0x00000000080025b0                HAL_PCD_Init
 .text.HAL_PCD_Start
                0x0000000008002770       0x1c build/cube_hal/Src/stm32l1xx_hal_pcd.o
                0x0000000008002770                HAL_PCD_Start
 .text.HAL_PCD_IRQHandler
                0x000000000800278c      0x1dc build/cube_hal/Src/stm32l1xx_hal_pcd.o
                0x000000000800278c                HAL_PCD_IRQHandler
 .text.HAL_PCD_SetAddress
                0x0000000008002968       0x54 build/cube_hal/Src/stm32l1xx_hal_pcd.o
                0x0000000008002968                HAL_PCD_SetAddress
 .text.HAL_PCD_EP_Open
                0x00000000080029bc      0x6e0 build/cube_hal/Src/stm32l1xx_hal_pcd.o
                0x00000000080029bc                HAL_PCD_EP_Open
 .text.HAL_PCD_EP_Close
                0x000000000800309c      0x408 build/cube_hal/Src/stm32l1xx_hal_pcd.o
                0x000000000800309c                HAL_PCD_EP_Close
 .text.HAL_PCD_EP_Receive
                0x00000000080034a4      0x220 build/cube_hal/Src/stm32l1xx_hal_pcd.o
                0x00000000080034a4                HAL_PCD_EP_Receive
 .text.HAL_PCD_EP_GetRxCount
                0x00000000080036c4       0x34 build/cube_hal/Src/stm32l1xx_hal_pcd.o
                0x00000000080036c4                HAL_PCD_EP_GetRxCount
 .text.HAL_PCD_EP_Transmit
                0x00000000080036f8      0x294 build/cube_hal/Src/stm32l1xx_hal_pcd.o
                0x00000000080036f8                HAL_PCD_EP_Transmit
 .text.HAL_PCD_EP_SetStall
                0x000000000800398c      0x148 build/cube_hal/Src/stm32l1xx_hal_pcd.o
                0x000000000800398c                HAL_PCD_EP_SetStall
 .text.HAL_PCD_EP_ClrStall
                0x0000000008003ad4      0x1b0 build/cube_hal/Src/stm32l1xx_hal_pcd.o
                0x0000000008003ad4                HAL_PCD_EP_ClrStall
 .text.PCD_EP_ISR_Handler
                0x0000000008003c84      0x66c build/cube_hal/Src/stm32l1xx_hal_pcd.o
 .text.PCD_WritePMA
                0x00000000080042f0       0x74 build/cube_hal/Src/stm32l1xx_hal_pcd.o
 .text.PCD_ReadPMA
                0x0000000008004364       0x5c build/cube_hal/Src/stm32l1xx_hal_pcd.o
 .text.HAL_PCDEx_PMAConfig
                0x00000000080043c0       0x88 build/cube_hal/Src/stm32l1xx_hal_pcd_ex.o
                0x00000000080043c0                HAL_PCDEx_PMAConfig
 .text.HAL_PWREx_GetVoltageRange
                0x0000000008004448       0x1c build/cube_hal/Src/stm32l1xx_hal_pwr_ex.o
                0x0000000008004448                HAL_PWREx_GetVoltageRange
 .text.HAL_RCC_OscConfig
                0x0000000008004464     0x14dc build/cube_hal/Src/stm32l1xx_hal_rcc.o
                0x0000000008004464                HAL_RCC_OscConfig
 .text.HAL_RCC_ClockConfig
                0x0000000008005940      0x758 build/cube_hal/Src/stm32l1xx_hal_rcc.o
                0x0000000008005940                HAL_RCC_ClockConfig
 .text.HAL_RCC_GetSysClockFreq
                0x0000000008006098      0x130 build/cube_hal/Src/stm32l1xx_hal_rcc.o
                0x0000000008006098                HAL_RCC_GetSysClockFreq
 .text.HAL_RCC_GetHCLKFreq
                0x00000000080061c8       0x58 build/cube_hal/Src/stm32l1xx_hal_rcc.o
                0x00000000080061c8                HAL_RCC_GetHCLKFreq
 .text.HAL_RCC_GetPCLK1Freq
                0x0000000008006220       0x50 build/cube_hal/Src/stm32l1xx_hal_rcc.o
                0x0000000008006220                HAL_RCC_GetPCLK1Freq
 .text.HAL_RCC_GetPCLK2Freq
                0x0000000008006270       0x50 build/cube_hal/Src/stm32l1xx_hal_rcc.o
                0x0000000008006270                HAL_RCC_GetPCLK2Freq
 .text.RCC_SetFlashLatencyFromMSIRange
                0x00000000080062c0       0xb4 build/cube_hal/Src/stm32l1xx_hal_rcc.o
 .text.HAL_TIM_Base_Init
                0x0000000008006374       0x4c build/cube_hal/Src/stm32l1xx_hal_tim.o
                0x0000000008006374                HAL_TIM_Base_Init
 .text.HAL_TIM_Base_MspInit
                0x00000000080063c0       0x14 build/cube_hal/Src/stm32l1xx_hal_tim.o
                0x00000000080063c0                HAL_TIM_Base_MspInit
 .text.HAL_TIM_Base_Start_IT
                0x00000000080063d4       0x38 build/cube_hal/Src/stm32l1xx_hal_tim.o
                0x00000000080063d4                HAL_TIM_Base_Start_IT
 .text.HAL_TIM_IRQHandler
                0x000000000800640c      0x1b8 build/cube_hal/Src/stm32l1xx_hal_tim.o
                0x000000000800640c                HAL_TIM_IRQHandler
 .text.HAL_TIM_OC_DelayElapsedCallback
                0x00000000080065c4       0x14 build/cube_hal/Src/stm32l1xx_hal_tim.o
                0x00000000080065c4                HAL_TIM_OC_DelayElapsedCallback
 .text.HAL_TIM_IC_CaptureCallback
                0x00000000080065d8       0x14 build/cube_hal/Src/stm32l1xx_hal_tim.o
                0x00000000080065d8                HAL_TIM_IC_CaptureCallback
 .text.HAL_TIM_PWM_PulseFinishedCallback
                0x00000000080065ec       0x14 build/cube_hal/Src/stm32l1xx_hal_tim.o
                0x00000000080065ec                HAL_TIM_PWM_PulseFinishedCallback
 .text.HAL_TIM_TriggerCallback
                0x0000000008006600       0x14 build/cube_hal/Src/stm32l1xx_hal_tim.o
                0x0000000008006600                HAL_TIM_TriggerCallback
 .text.TIM_Base_SetConfig
                0x0000000008006614       0xd8 build/cube_hal/Src/stm32l1xx_hal_tim.o
 .text.HAL_UART_Init
                0x00000000080066ec       0x88 build/cube_hal/Src/stm32l1xx_hal_uart.o
                0x00000000080066ec                HAL_UART_Init
 .text.HAL_UART_DeInit
                0x0000000008006774       0x64 build/cube_hal/Src/stm32l1xx_hal_uart.o
                0x0000000008006774                HAL_UART_DeInit
 .text.HAL_UART_Receive_IT
                0x00000000080067d8       0xbc build/cube_hal/Src/stm32l1xx_hal_uart.o
                0x00000000080067d8                HAL_UART_Receive_IT
 .text.HAL_UART_Transmit_DMA
                0x0000000008006894       0xe4 build/cube_hal/Src/stm32l1xx_hal_uart.o
                0x0000000008006894                HAL_UART_Transmit_DMA
 .text.HAL_UART_IRQHandler
                0x0000000008006978      0x1e0 build/cube_hal/Src/stm32l1xx_hal_uart.o
                0x0000000008006978                HAL_UART_IRQHandler
 .text.HAL_UART_TxHalfCpltCallback
                0x0000000008006b58       0x14 build/cube_hal/Src/stm32l1xx_hal_uart.o
                0x0000000008006b58                HAL_UART_TxHalfCpltCallback
 .text.UART_DMATransmitCplt
                0x0000000008006b6c       0x50 build/cube_hal/Src/stm32l1xx_hal_uart.o
 .text.UART_DMATxHalfCplt
                0x0000000008006bbc       0x1c build/cube_hal/Src/stm32l1xx_hal_uart.o
 .text.UART_DMAError
                0x0000000008006bd8       0x38 build/cube_hal/Src/stm32l1xx_hal_uart.o
 .text.UART_Transmit_IT
                0x0000000008006c10       0xb4 build/cube_hal/Src/stm32l1xx_hal_uart.o
 .text.UART_EndTransmit_IT
                0x0000000008006cc4       0x50 build/cube_hal/Src/stm32l1xx_hal_uart.o
 .text.UART_Receive_IT
                0x0000000008006d14      0x11c build/cube_hal/Src/stm32l1xx_hal_uart.o
 .text.UART_SetConfig
                0x0000000008006e30      0x2a4 build/cube_hal/Src/stm32l1xx_hal_uart.o
 .text.USBD_CDC_Init
                0x00000000080070d4       0xd8 build/cube_usb/cdc/usbd_cdc.o
 .text.USBD_CDC_DeInit
                0x00000000080071ac       0x5c build/cube_usb/cdc/usbd_cdc.o
 .text.USBD_CDC_Setup
                0x0000000008007208       0xc4 build/cube_usb/cdc/usbd_cdc.o
 .text.USBD_CDC_DataIn
                0x00000000080072cc       0x38 build/cube_usb/cdc/usbd_cdc.o
 .text.USBD_CDC_DataOut
                0x0000000008007304       0x58 build/cube_usb/cdc/usbd_cdc.o
 .text.USBD_CDC_EP0_RxReady
                0x000000000800735c       0x50 build/cube_usb/cdc/usbd_cdc.o
 .text.USBD_CDC_GetFSCfgDesc
                0x00000000080073ac       0x20 build/cube_usb/cdc/usbd_cdc.o
 .text.USBD_CDC_GetHSCfgDesc
                0x00000000080073cc       0x20 build/cube_usb/cdc/usbd_cdc.o
 .text.USBD_CDC_GetOtherSpeedCfgDesc
                0x00000000080073ec       0x20 build/cube_usb/cdc/usbd_cdc.o
 .text.USBD_CDC_GetDeviceQualifierDescriptor
                0x000000000800740c       0x20 build/cube_usb/cdc/usbd_cdc.o
                0x000000000800740c                USBD_CDC_GetDeviceQualifierDescriptor
 .text.USBD_CDC_RegisterInterface
                0x000000000800742c       0x30 build/cube_usb/cdc/usbd_cdc.o
                0x000000000800742c                USBD_CDC_RegisterInterface
 .text.USBD_CDC_SetTxBuffer
                0x000000000800745c       0x34 build/cube_usb/cdc/usbd_cdc.o
                0x000000000800745c                USBD_CDC_SetTxBuffer
 .text.USBD_CDC_SetRxBuffer
                0x0000000008007490       0x28 build/cube_usb/cdc/usbd_cdc.o
                0x0000000008007490                USBD_CDC_SetRxBuffer
 .text.USBD_CDC_TransmitPacket
                0x00000000080074b8       0x54 build/cube_usb/cdc/usbd_cdc.o
                0x00000000080074b8                USBD_CDC_TransmitPacket
 .text.USBD_CDC_ReceivePacket
                0x000000000800750c       0x58 build/cube_usb/cdc/usbd_cdc.o
                0x000000000800750c                USBD_CDC_ReceivePacket
 .text.HAL_PCD_MspInit
                0x0000000008007564       0x8c build/cube_usb/core/usbd_conf.o
                0x0000000008007564                HAL_PCD_MspInit
 .text.HAL_PCD_SetupStageCallback
                0x00000000080075f0       0x24 build/cube_usb/core/usbd_conf.o
                0x00000000080075f0                HAL_PCD_SetupStageCallback
 .text.HAL_PCD_DataOutStageCallback
                0x0000000008007614       0x38 build/cube_usb/core/usbd_conf.o
                0x0000000008007614                HAL_PCD_DataOutStageCallback
 .text.HAL_PCD_DataInStageCallback
                0x000000000800764c       0x38 build/cube_usb/core/usbd_conf.o
                0x000000000800764c                HAL_PCD_DataInStageCallback
 .text.HAL_PCD_SOFCallback
                0x0000000008007684       0x1c build/cube_usb/core/usbd_conf.o
                0x0000000008007684                HAL_PCD_SOFCallback
 .text.HAL_PCD_ResetCallback
                0x00000000080076a0       0x28 build/cube_usb/core/usbd_conf.o
                0x00000000080076a0                HAL_PCD_ResetCallback
 .text.HAL_PCD_SuspendCallback
                0x00000000080076c8       0x1c build/cube_usb/core/usbd_conf.o
                0x00000000080076c8                HAL_PCD_SuspendCallback
 .text.HAL_PCD_ResumeCallback
                0x00000000080076e4       0x1c build/cube_usb/core/usbd_conf.o
                0x00000000080076e4                HAL_PCD_ResumeCallback
 .text.USBD_LL_Init
                0x0000000008007700       0xb8 build/cube_usb/core/usbd_conf.o
                0x0000000008007700                USBD_LL_Init
 .text.USBD_LL_Start
                0x00000000080077b8       0x20 build/cube_usb/core/usbd_conf.o
                0x00000000080077b8                USBD_LL_Start
 .text.USBD_LL_OpenEP
                0x00000000080077d8       0x28 build/cube_usb/core/usbd_conf.o
                0x00000000080077d8                USBD_LL_OpenEP
 .text.USBD_LL_CloseEP
                0x0000000008007800       0x28 build/cube_usb/core/usbd_conf.o
                0x0000000008007800                USBD_LL_CloseEP
 .text.USBD_LL_StallEP
                0x0000000008007828       0x28 build/cube_usb/core/usbd_conf.o
                0x0000000008007828                USBD_LL_StallEP
 .text.USBD_LL_ClearStallEP
                0x0000000008007850       0x28 build/cube_usb/core/usbd_conf.o
                0x0000000008007850                USBD_LL_ClearStallEP
 .text.USBD_LL_IsStallEP
                0x0000000008007878       0x58 build/cube_usb/core/usbd_conf.o
                0x0000000008007878                USBD_LL_IsStallEP
 .text.USBD_LL_SetUSBAddress
                0x00000000080078d0       0x28 build/cube_usb/core/usbd_conf.o
                0x00000000080078d0                USBD_LL_SetUSBAddress
 .text.USBD_LL_Transmit
                0x00000000080078f8       0x30 build/cube_usb/core/usbd_conf.o
                0x00000000080078f8                USBD_LL_Transmit
 .text.USBD_LL_PrepareReceive
                0x0000000008007928       0x30 build/cube_usb/core/usbd_conf.o
                0x0000000008007928                USBD_LL_PrepareReceive
 .text.USBD_LL_GetRxDataSize
                0x0000000008007958       0x28 build/cube_usb/core/usbd_conf.o
                0x0000000008007958                USBD_LL_GetRxDataSize
 .text.USBD_static_malloc
                0x0000000008007980       0x1c build/cube_usb/core/usbd_conf.o
                0x0000000008007980                USBD_static_malloc
 .text.USBD_static_free
                0x000000000800799c       0x14 build/cube_usb/core/usbd_conf.o
                0x000000000800799c                USBD_static_free
 .text.HAL_PCDEx_SetConnectionState
                0x00000000080079b0       0x3c build/cube_usb/core/usbd_conf.o
                0x00000000080079b0                HAL_PCDEx_SetConnectionState
 .text.USBD_Init
                0x00000000080079ec       0x58 build/cube_usb/core/usbd_core.o
                0x00000000080079ec                USBD_Init
 .text.USBD_RegisterClass
                0x0000000008007a44       0x34 build/cube_usb/core/usbd_core.o
                0x0000000008007a44                USBD_RegisterClass
 .text.USBD_Start
                0x0000000008007a78       0x18 build/cube_usb/core/usbd_core.o
                0x0000000008007a78                USBD_Start
 .text.USBD_RunTestMode
                0x0000000008007a90       0x18 build/cube_usb/core/usbd_core.o
                0x0000000008007a90                USBD_RunTestMode
 .text.USBD_SetClassConfig
                0x0000000008007aa8       0x40 build/cube_usb/core/usbd_core.o
                0x0000000008007aa8                USBD_SetClassConfig
 .text.USBD_ClrClassConfig
                0x0000000008007ae8       0x28 build/cube_usb/core/usbd_core.o
                0x0000000008007ae8                USBD_ClrClassConfig
 .text.USBD_LL_SetupStage
                0x0000000008007b10       0x94 build/cube_usb/core/usbd_core.o
                0x0000000008007b10                USBD_LL_SetupStage
 .text.USBD_LL_DataOutStage
                0x0000000008007ba4       0xb8 build/cube_usb/core/usbd_core.o
                0x0000000008007ba4                USBD_LL_DataOutStage
 .text.USBD_LL_DataInStage
                0x0000000008007c5c      0x120 build/cube_usb/core/usbd_core.o
                0x0000000008007c5c                USBD_LL_DataInStage
 .text.USBD_LL_Reset
                0x0000000008007d7c       0x60 build/cube_usb/core/usbd_core.o
                0x0000000008007d7c                USBD_LL_Reset
 .text.USBD_LL_SetSpeed
                0x0000000008007ddc       0x20 build/cube_usb/core/usbd_core.o
                0x0000000008007ddc                USBD_LL_SetSpeed
 .text.USBD_LL_Suspend
                0x0000000008007dfc       0x2c build/cube_usb/core/usbd_core.o
                0x0000000008007dfc                USBD_LL_Suspend
 .text.USBD_LL_Resume
                0x0000000008007e28       0x24 build/cube_usb/core/usbd_core.o
                0x0000000008007e28                USBD_LL_Resume
 .text.USBD_LL_SOF
                0x0000000008007e4c       0x34 build/cube_usb/core/usbd_core.o
                0x0000000008007e4c                USBD_LL_SOF
 .text.USBD_StdDevReq
                0x0000000008007e80       0xa0 build/cube_usb/core/usbd_ctlreq.o
                0x0000000008007e80                USBD_StdDevReq
 .text.USBD_StdItfReq
                0x0000000008007f20       0x68 build/cube_usb/core/usbd_ctlreq.o
                0x0000000008007f20                USBD_StdItfReq
 .text.USBD_StdEPReq
                0x0000000008007f88      0x1b0 build/cube_usb/core/usbd_ctlreq.o
                0x0000000008007f88                USBD_StdEPReq
 .text.USBD_GetDescriptor
                0x0000000008008138      0x1f8 build/cube_usb/core/usbd_ctlreq.o
 .text.USBD_SetAddress
                0x0000000008008330       0x7c build/cube_usb/core/usbd_ctlreq.o
 .text.USBD_SetConfig
                0x00000000080083ac      0x114 build/cube_usb/core/usbd_ctlreq.o
 .text.USBD_GetConfig
                0x00000000080084c0       0x64 build/cube_usb/core/usbd_ctlreq.o
 .text.USBD_GetStatus
                0x0000000008008524       0x54 build/cube_usb/core/usbd_ctlreq.o
 .text.USBD_SetFeature
                0x0000000008008578       0x34 build/cube_usb/core/usbd_ctlreq.o
 .text.USBD_ClrFeature
                0x00000000080085ac       0x50 build/cube_usb/core/usbd_ctlreq.o
 .text.USBD_ParseSetupRequest
                0x00000000080085fc       0x74 build/cube_usb/core/usbd_ctlreq.o
                0x00000000080085fc                USBD_ParseSetupRequest
 .text.USBD_CtlError
                0x0000000008008670       0x20 build/cube_usb/core/usbd_ctlreq.o
                0x0000000008008670                USBD_CtlError
 .text.USBD_GetString
                0x0000000008008690       0x7c build/cube_usb/core/usbd_ctlreq.o
                0x0000000008008690                USBD_GetString
 .text.USBD_GetLen
                0x000000000800870c       0x30 build/cube_usb/core/usbd_ctlreq.o
 .text.USBD_CtlSendData
                0x000000000800873c       0x38 build/cube_usb/core/usbd_ioreq.o
                0x000000000800873c                USBD_CtlSendData
 .text.USBD_CtlContinueSendData
                0x0000000008008774       0x24 build/cube_usb/core/usbd_ioreq.o
                0x0000000008008774                USBD_CtlContinueSendData
 .text.USBD_CtlPrepareRx
                0x0000000008008798       0x3c build/cube_usb/core/usbd_ioreq.o
                0x0000000008008798                USBD_CtlPrepareRx
 .text.USBD_CtlContinueRx
                0x00000000080087d4       0x24 build/cube_usb/core/usbd_ioreq.o
                0x00000000080087d4                USBD_CtlContinueRx
 .text.USBD_CtlSendStatus
                0x00000000080087f8       0x28 build/cube_usb/core/usbd_ioreq.o
                0x00000000080087f8                USBD_CtlSendStatus
 .text.USBD_CtlReceiveStatus
                0x0000000008008820       0x28 build/cube_usb/core/usbd_ioreq.o
                0x0000000008008820                USBD_CtlReceiveStatus
 .text.main     0x0000000008008848       0x64 build/./main.o
                0x0000000008008848                main
 .text.SystemClock_Config
                0x00000000080088ac      0x11c build/./main.o
                0x00000000080088ac                SystemClock_Config
 .text.Toggle_Leds
                0x00000000080089c8       0x24 build/./main.o
                0x00000000080089c8                Toggle_Leds
 .text.Error_Handler
                0x00000000080089ec        0x8 build/./main.o
                0x00000000080089ec                Error_Handler
 .text.HAL_UART_MspInit
                0x00000000080089f4      0x140 build/./stm32l1xx_hal_msp.o
                0x00000000080089f4                HAL_UART_MspInit
 .text.HAL_UART_MspDeInit
                0x0000000008008b34       0x68 build/./stm32l1xx_hal_msp.o
                0x0000000008008b34                HAL_UART_MspDeInit
 .text.NMI_Handler
                0x0000000008008b9c        0xc build/./stm32l1xx_it.o
                0x0000000008008b9c                NMI_Handler
 .text.HardFault_Handler
                0x0000000008008ba8        0x8 build/./stm32l1xx_it.o
                0x0000000008008ba8                HardFault_Handler
 .text.MemManage_Handler
                0x0000000008008bb0        0x8 build/./stm32l1xx_it.o
                0x0000000008008bb0                MemManage_Handler
 .text.BusFault_Handler
                0x0000000008008bb8        0x8 build/./stm32l1xx_it.o
                0x0000000008008bb8                BusFault_Handler
 .text.UsageFault_Handler
                0x0000000008008bc0        0x8 build/./stm32l1xx_it.o
                0x0000000008008bc0                UsageFault_Handler
 .text.SVC_Handler
                0x0000000008008bc8        0xc build/./stm32l1xx_it.o
                0x0000000008008bc8                SVC_Handler
 .text.DebugMon_Handler
                0x0000000008008bd4        0xc build/./stm32l1xx_it.o
                0x0000000008008bd4                DebugMon_Handler
 .text.PendSV_Handler
                0x0000000008008be0        0xc build/./stm32l1xx_it.o
                0x0000000008008be0                PendSV_Handler
 .text.SysTick_Handler
                0x0000000008008bec       0x10 build/./stm32l1xx_it.o
                0x0000000008008bec                SysTick_Handler
 .text.USB_LP_IRQHandler
                0x0000000008008bfc       0x10 build/./stm32l1xx_it.o
                0x0000000008008bfc                USB_LP_IRQHandler
 .text.DMA1_Channel4_IRQHandler
                0x0000000008008c0c       0x14 build/./stm32l1xx_it.o
                0x0000000008008c0c                DMA1_Channel4_IRQHandler
 .text.USART1_IRQHandler
                0x0000000008008c20       0x10 build/./stm32l1xx_it.o
                0x0000000008008c20                USART1_IRQHandler
 .text.TIM3_IRQHandler
                0x0000000008008c30       0x10 build/./stm32l1xx_it.o
                0x0000000008008c30                TIM3_IRQHandler
 .text.SystemInit
                0x0000000008008c40       0x68 build/./system_stm32l1xx.o
                0x0000000008008c40                SystemInit
 .text.CDC_Itf_Init
                0x0000000008008ca8       0x9c build/./usbd_cdc_interface.o
 .text.CDC_Itf_DeInit
                0x0000000008008d44       0x20 build/./usbd_cdc_interface.o
 .text.CDC_Itf_Control
                0x0000000008008d64      0x160 build/./usbd_cdc_interface.o
 .text.HAL_TIM_PeriodElapsedCallback
                0x0000000008008ec4       0x90 build/./usbd_cdc_interface.o
                0x0000000008008ec4                HAL_TIM_PeriodElapsedCallback
 .text.HAL_UART_RxCpltCallback
                0x0000000008008f54       0x44 build/./usbd_cdc_interface.o
                0x0000000008008f54                HAL_UART_RxCpltCallback
 .text.CDC_Itf_Receive
                0x0000000008008f98       0x2c build/./usbd_cdc_interface.o
 .text.CDC_Itf_Transmit
                0x0000000008008fc4       0x34 build/./usbd_cdc_interface.o
                0x0000000008008fc4                CDC_Itf_Transmit
 .text.HAL_UART_TxCpltCallback
                0x0000000008008ff8       0x18 build/./usbd_cdc_interface.o
                0x0000000008008ff8                HAL_UART_TxCpltCallback
 .text.ComPort_Config
                0x0000000008009010       0xf0 build/./usbd_cdc_interface.o
 .text.TIM_Config
                0x0000000008009100       0x40 build/./usbd_cdc_interface.o
 .text.HAL_UART_ErrorCallback
                0x0000000008009140       0x14 build/./usbd_cdc_interface.o
                0x0000000008009140                HAL_UART_ErrorCallback
 .text.USBD_VCP_DeviceDescriptor
                0x0000000008009154       0x24 build/./usbd_desc.o
                0x0000000008009154                USBD_VCP_DeviceDescriptor
 .text.USBD_VCP_LangIDStrDescriptor
                0x0000000008009178       0x24 build/./usbd_desc.o
                0x0000000008009178                USBD_VCP_LangIDStrDescriptor
 .text.USBD_VCP_ProductStrDescriptor
                0x000000000800919c       0x28 build/./usbd_desc.o
                0x000000000800919c                USBD_VCP_ProductStrDescriptor
 .text.USBD_VCP_ManufacturerStrDescriptor
                0x00000000080091c4       0x28 build/./usbd_desc.o
                0x00000000080091c4                USBD_VCP_ManufacturerStrDescriptor
 .text.USBD_VCP_SerialStrDescriptor
                0x00000000080091ec       0x24 build/./usbd_desc.o
                0x00000000080091ec                USBD_VCP_SerialStrDescriptor
 .text.USBD_VCP_ConfigStrDescriptor
                0x0000000008009210       0x28 build/./usbd_desc.o
                0x0000000008009210                USBD_VCP_ConfigStrDescriptor
 .text.USBD_VCP_InterfaceStrDescriptor
                0x0000000008009238       0x28 build/./usbd_desc.o
                0x0000000008009238                USBD_VCP_InterfaceStrDescriptor
 .text.Get_SerialNum
                0x0000000008009260       0x54 build/./usbd_desc.o
 .text.IntToUnicode
                0x00000000080092b4       0x78 build/./usbd_desc.o
 *(.rodata*)
 .rodata.aAPBAHBPrescTable
                0x000000000800932c       0x10 build/cube_hal/Src/stm32l1xx_hal_rcc.o
                0x000000000800932c                aAPBAHBPrescTable
 .rodata.aPLLDivisionFactorTable
                0x000000000800933c        0x4 build/cube_hal/Src/stm32l1xx_hal_rcc.o
                0x000000000800933c                aPLLDivisionFactorTable
 .rodata.aPLLMulFactorTable
                0x0000000008009340        0xc build/cube_hal/Src/stm32l1xx_hal_rcc.o
                0x0000000008009340                aPLLMulFactorTable
 .rodata        0x000000000800934c        0xc build/./main.o
 .rodata.hUSBDDeviceDesc
                0x0000000008009358       0x14 build/./usbd_desc.o
                0x0000000008009358                hUSBDDeviceDesc
 .rodata.USBD_LangIDDesc
                0x000000000800936c        0x4 build/./usbd_desc.o
                0x000000000800936c                USBD_LangIDDesc
 .rodata        0x0000000008009370       0x54 build/./usbd_desc.o
                0x00000000080093c4                . = ALIGN (0x4)
                0x00000000080093c4                _etext = .
                0x00000000080093c4                _sidata = LOADADDR (.data)

.glue_7         0x00000000080093c4        0x0
 .glue_7        0x0000000000000000        0x0 linker stubs

.glue_7t        0x00000000080093c4        0x0
 .glue_7t       0x0000000000000000        0x0 linker stubs

.vfp11_veneer   0x00000000080093c4        0x0
 .vfp11_veneer  0x0000000000000000        0x0 linker stubs

.v4_bx          0x00000000080093c4        0x0
 .v4_bx         0x0000000000000000        0x0 linker stubs

.iplt           0x00000000080093c4        0x0
 .iplt          0x0000000000000000        0x0 build/cmsis/startup_stm32l1xx_hd.o

.rel.dyn        0x00000000080093c4        0x0
 .rel.iplt      0x0000000000000000        0x0 build/cmsis/startup_stm32l1xx_hd.o

.data           0x0000000020000000      0x168 load address 0x00000000080093c4
                0x0000000020000000                . = ALIGN (0x4)
                0x0000000020000000                _sdata = .
                0x0000000020000000                _ram_start = .
 *(.data*)
 .data.USBD_CDC_DeviceQualifierDesc
                0x0000000020000000        0xc build/cube_usb/cdc/usbd_cdc.o
 .data.USBD_CDC
                0x000000002000000c       0x38 build/cube_usb/cdc/usbd_cdc.o
                0x000000002000000c                USBD_CDC
 .data.USBD_CDC_CfgHSDesc
                0x0000000020000044       0x44 build/cube_usb/cdc/usbd_cdc.o
                0x0000000020000044                USBD_CDC_CfgHSDesc
 .data.USBD_CDC_CfgFSDesc
                0x0000000020000088       0x44 build/cube_usb/cdc/usbd_cdc.o
                0x0000000020000088                USBD_CDC_CfgFSDesc
 .data.USBD_CDC_OtherSpeedCfgDesc
                0x00000000200000cc       0x44 build/cube_usb/cdc/usbd_cdc.o
                0x00000000200000cc                USBD_CDC_OtherSpeedCfgDesc
 .data.hello    0x0000000020000110        0x4 build/./main.o
                0x0000000020000110                hello
 .data.SystemCoreClock
                0x0000000020000114        0x4 build/./system_stm32l1xx.o
                0x0000000020000114                SystemCoreClock
 .data.LineCoding
                0x0000000020000118        0x8 build/./usbd_cdc_interface.o
                0x0000000020000118                LineCoding
 .data.USBD_CDC_fops
                0x0000000020000120       0x10 build/./usbd_cdc_interface.o
                0x0000000020000120                USBD_CDC_fops
 .data.VCP_Desc
                0x0000000020000130       0x1c build/./usbd_desc.o
                0x0000000020000130                VCP_Desc
 .data.USBD_StringSerial
                0x000000002000014c       0x1c build/./usbd_desc.o
                0x000000002000014c                USBD_StringSerial
                0x0000000020000168                . = ALIGN (0x4)
                0x0000000020000168                _edata = .

.co_stack       0x0000000020000168      0x400 load address 0x000000000800952c
 .co_stack      0x0000000020000168      0x400 build/cmsis/startup_stm32l1xx_hd.o
                0x0000000020000168                pulStack

.igot.plt       0x0000000020000568        0x0 load address 0x000000000800992c
 .igot.plt      0x0000000000000000        0x0 build/cmsis/startup_stm32l1xx_hd.o

.bss            0x0000000020000568     0x1850 load address 0x000000000800992c
                0x0000000020000568                . = ALIGN (0x4)
                0x0000000020000568                _sbss = .
 *(.bss*)
 .bss.uwTick    0x0000000020000568        0x4 build/cube_hal/Src/stm32l1xx_hal.o
 .bss.ifalt.7814
                0x000000002000056c        0x1 build/cube_usb/cdc/usbd_cdc.o
 *fill*         0x000000002000056d        0x3 
 .bss.mem.7884  0x0000000020000570      0x230 build/cube_usb/core/usbd_conf.o
 .bss.cfgidx.7819
                0x00000000200007a0        0x1 build/cube_usb/core/usbd_ctlreq.o
 *fill*         0x00000000200007a1        0x3 
 .bss.ticks.7798
                0x00000000200007a4        0x4 build/./main.o
 .bss.hdma_tx.7774
                0x00000000200007a8       0x3c build/./stm32l1xx_hal_msp.o
 .bss.UserTxBufPtrIn
                0x00000000200007e4        0x4 build/./usbd_cdc_interface.o
                0x00000000200007e4                UserTxBufPtrIn
 .bss.UserTxBufPtrOut
                0x00000000200007e8        0x4 build/./usbd_cdc_interface.o
                0x00000000200007e8                UserTxBufPtrOut
 *(COMMON)
 COMMON         0x00000000200007ec      0x224 build/cube_usb/core/usbd_conf.o
                0x00000000200007ec                hpcd
 COMMON         0x0000000020000a10      0x224 build/./main.o
                0x0000000020000a10                USBD_Device
 COMMON         0x0000000020000c34     0x1084 build/./usbd_cdc_interface.o
                0x0000000020000c34                BuffLength
                0x0000000020000c38                UartHandle
                0x0000000020000c7c                UserTxBuffer
                0x000000002000147c                UserRxBuffer
                0x0000000020001c7c                TimHandle
 COMMON         0x0000000020001cb8      0x100 build/./usbd_desc.o
                0x0000000020001cb8                USBD_StrDesc
                0x0000000020001db8                . = ALIGN (0x4)
                0x0000000020001db8                _ebss = .

.heap           0x0000000020001db8     0x4000 load address 0x000000000800992c
                0x0000000020001db8                . = ALIGN (0x4)
                0x0000000020001db8                PROVIDE (end, .)
                0x0000000020001db8                PROVIDE (_end, .)
                0x0000000020001db8                _heap_start = .
                0x0000000020005db8                . = (. + _minimum_heap_size)
 *fill*         0x0000000020001db8     0x4000 

.stack          0x0000000020005db8      0x800 load address 0x000000000800992c
                0x0000000020005db8                . = ALIGN (0x4)
                0x00000000200065b8                . = (. + _minimum_stack_size)
 *fill*         0x0000000020005db8      0x800 
                0x00000000200065b8                . = ALIGN (0x4)

.ARM.attributes
                0x0000000000000000       0x33
 *(.ARM.attributes)
 .ARM.attributes
                0x0000000000000000       0x33 build/cmsis/startup_stm32l1xx_hd.o
 .ARM.attributes
                0x0000000000000033       0x33 build/cube_hal/Src/stm32l1xx_hal.o
 .ARM.attributes
                0x0000000000000066       0x33 build/cube_hal/Src/stm32l1xx_hal_cortex.o
 .ARM.attributes
                0x0000000000000099       0x33 build/cube_hal/Src/stm32l1xx_hal_dma.o
 .ARM.attributes
                0x00000000000000cc       0x33 build/cube_hal/Src/stm32l1xx_hal_gpio.o
 .ARM.attributes
                0x00000000000000ff       0x33 build/cube_hal/Src/stm32l1xx_hal_msp_template.o
 .ARM.attributes
                0x0000000000000132       0x33 build/cube_hal/Src/stm32l1xx_hal_pcd.o
 .ARM.attributes
                0x0000000000000165       0x33 build/cube_hal/Src/stm32l1xx_hal_pcd_ex.o
 .ARM.attributes
                0x0000000000000198       0x33 build/cube_hal/Src/stm32l1xx_hal_pwr_ex.o
 .ARM.attributes
                0x00000000000001cb       0x33 build/cube_hal/Src/stm32l1xx_hal_rcc.o
 .ARM.attributes
                0x00000000000001fe       0x33 build/cube_hal/Src/stm32l1xx_hal_tim.o
 .ARM.attributes
                0x0000000000000231       0x33 build/cube_hal/Src/stm32l1xx_hal_uart.o
 .ARM.attributes
                0x0000000000000264       0x33 build/cube_usb/cdc/usbd_cdc.o
 .ARM.attributes
                0x0000000000000297       0x33 build/cube_usb/core/usbd_conf.o
 .ARM.attributes
                0x00000000000002ca       0x33 build/cube_usb/core/usbd_core.o
 .ARM.attributes
                0x00000000000002fd       0x33 build/cube_usb/core/usbd_ctlreq.o
 .ARM.attributes
                0x0000000000000330       0x33 build/cube_usb/core/usbd_ioreq.o
 .ARM.attributes
                0x0000000000000363       0x33 build/./main.o
 .ARM.attributes
                0x0000000000000396       0x33 build/./stm32l1xx_hal_msp.o
 .ARM.attributes
                0x00000000000003c9       0x33 build/./stm32l1xx_it.o
 .ARM.attributes
                0x00000000000003fc       0x33 build/./system_stm32l1xx.o
 .ARM.attributes
                0x000000000000042f       0x33 build/./usbd_cdc_interface.o
 .ARM.attributes
                0x0000000000000462       0x33 build/./usbd_desc.o
OUTPUT(build/program.elf elf32-littlearm)

.comment        0x0000000000000000       0x70
 .comment       0x0000000000000000       0x70 build/cmsis/startup_stm32l1xx_hd.o
                                         0x71 (size before relaxing)
 .comment       0x0000000000000000       0x71 build/cube_hal/Src/stm32l1xx_hal.o
 .comment       0x0000000000000000       0x71 build/cube_hal/Src/stm32l1xx_hal_cortex.o
 .comment       0x0000000000000000       0x71 build/cube_hal/Src/stm32l1xx_hal_dma.o
 .comment       0x0000000000000000       0x71 build/cube_hal/Src/stm32l1xx_hal_gpio.o
 .comment       0x0000000000000000       0x71 build/cube_hal/Src/stm32l1xx_hal_msp_template.o
 .comment       0x0000000000000000       0x71 build/cube_hal/Src/stm32l1xx_hal_pcd.o
 .comment       0x0000000000000000       0x71 build/cube_hal/Src/stm32l1xx_hal_pcd_ex.o
 .comment       0x0000000000000000       0x71 build/cube_hal/Src/stm32l1xx_hal_pwr_ex.o
 .comment       0x0000000000000000       0x71 build/cube_hal/Src/stm32l1xx_hal_rcc.o
 .comment       0x0000000000000000       0x71 build/cube_hal/Src/stm32l1xx_hal_tim.o
 .comment       0x0000000000000000       0x71 build/cube_hal/Src/stm32l1xx_hal_uart.o
 .comment       0x0000000000000000       0x71 build/cube_usb/cdc/usbd_cdc.o
 .comment       0x0000000000000000       0x71 build/cube_usb/core/usbd_conf.o
 .comment       0x0000000000000000       0x71 build/cube_usb/core/usbd_core.o
 .comment       0x0000000000000000       0x71 build/cube_usb/core/usbd_ctlreq.o
 .comment       0x0000000000000000       0x71 build/cube_usb/core/usbd_ioreq.o
 .comment       0x0000000000000000       0x71 build/./main.o
 .comment       0x0000000000000000       0x71 build/./stm32l1xx_hal_msp.o
 .comment       0x0000000000000000       0x71 build/./stm32l1xx_it.o
 .comment       0x0000000000000000       0x71 build/./system_stm32l1xx.o
 .comment       0x0000000000000000       0x71 build/./usbd_cdc_interface.o
 .comment       0x0000000000000000       0x71 build/./usbd_desc.o
